Error exit code;
-------
(echo a && ls b) && (echo a || echo b) || echo c
